버분벗벖벓법벌벋벖법벍벋벌벋벌벗벌벍벌벋벗벓벖법벌벋벖벌벗벓벌벋벗벌벗벓벌벋벖벋벓벋벌벋벗벓벖법벌벋벌법법벓벌벋벗벖벓법벌벋벖법벍벋벌벋벌벗벖벓벌벋버벖법벍벋벌벋벒벋벓벓벌벋벖벍벍벌벍벋벗법벌벒벌벋벗벋법벓벌벋벖벋벓벋벌벋벖벓벖벍벌벋벗벌법벓벖벋벒벋벓벓벌벋벌벋벌벓벌벋벖벖벌벋벌벋벗벌벒법벌벋벗벍벍법벌벋버벗벓벗벋벖벋벗법벗벌벌벋벖벌벗벓벌벋벖벌벗벓벌벋벗벍벗벓벖벋벗벗벍벒벌벋벗벋벒벌벖벋벌벖벗벓벌벋벖벌벋법벍벋벖벋벖벋벍벋버벖벍벒벋벍벋벗벗벌벗벍벋벗벌벗벓벌벋벖벌벋벖벌벋벌벌벗벓벌벋벗벒벍벗벌벋벗벒벌벓벌벋벗법벋벓벌벋벖벋벒벒벌벋벗벋법벓벌벋벗벖벓벗벍벋버벖벋벓벗벖벋벗벒벌벋벖벋벗벖벓벗벍벋벖벗벒벋벌벋벌벖벗벓벌벋벋벖벗벓벌벋벗법벋법벌벋벖벖벗벓벌벋벖벍벒벌벌벋벗벋벖벓벖벋벖법벓벓벖벋벗벖벋벒벌벋벖벍벌법벖벋버벖벖벌벋벌벋벖벋벒벒벌벋벍벗벌벗벖벋벖벖벌벋벌벋벖벒벍법벖벋벓벌벋벓벌벋벖벒벍법벖벋벗법벌벗벌벋벖벒벍법벖벋벗법벋벓벌벋벖벒벍법벖벋벖벒벗벗벖벋벌벖벒벖벌벋버벒법법벓벌벋벖법벍벋벌벋벗법벌벒벌벋벋벗벓벋벖벋벗법벌벒벌벋벌법벋벍벌벋벌법법벓벌벋벌법법벓벌벋벖법법벓벌벋벗벖벓법벌벋벗벖벓법벌벋벗법벋법벌벋버벖벌법벌벌벋벗벗벌벗벍벋벋벖벗벓벌벋벗벓벖법벌벋벗벓벖법벌벋벌벖벗벓벌벋벗벖벗벓벌벋벗벖벗벓벌벋벗벓벖법벌벋벗벓벖법벌벋벒벋법벓벌벋벗벌벋벓벌벋
뱘벏따따밠밠밣따따밡타뚜
두떠떠범벓벓멓뻐쎁뻐더벗
맣쀼야뱐야냐야뱞야다샅뿌다
쓬빠추초러밤두밡밣도토싸소
토번뿌뱐본노받로반타포
파표밣쟈뽀차발발또숰
땨뗘다볋붏처무뎌번뻐희붏더
봃더떠벓따뎌반발따뫃더떠
