요번에  오리고기   잡았다고?
(・ω・)
⊃(::::)=3⊂

신선한  대파  넣고
(・ω・)
三⊃⊂三

(＾ω＾)맛나구나
⊃⊂